// Jest Snapshot v1, https://goo.gl/fbAQLP

exports[`parse line error 1`] = `
Object {
  "lineNumber": 7,
  "warning": Array [
    "[xmldom warning]	unclosed xml attribute
@#[line:7,col:3]",
  ],
}
`;

exports[`parse simple 1`] = `
Object {
  "actual": "<html xmlns=\\"http://www.w3.org/1999/xhtml\\"><body title=\\"1&lt;2\\"></body></html>",
}
`;

exports[`parse svg test 1`] = `
Object {
  "actual": "<svg>
  <metadata>...</metadata>
  <defs id=\\"defs14\\">
  <path id=\\"path4\\" d=\\"M 68.589358,...-6.363961,-6.363964 z\\"/>
  <path id=\\"path4\\" d=\\"M 68.589358,...-6.363961,-6.363964 z\\"/></defs>
</svg>",
}
`;

exports[`parse unclosed inner 1`] = `
Object {
  "actual": "<r><Page><Label/></Page>  <Page/></r>",
  "error": Array [
    "[xmldom error]	end tag name: Page maybe not complete
@#[line:1,col:10]",
  ],
}
`;

exports[`parse unclosed root 1`] = `
Object {
  "actual": "<Page><Label class=\\"title\\"/></Page>  1",
  "error": Array [
    "[xmldom error]	end tag name: Page is not complete:Page
@#[line:1,col:20]",
  ],
}
`;

exports[`parse wrong closing tag 1`] = `
Object {
  "actual": "<html xmlns=\\"http://www.w3.org/1999/xhtml\\"><body title=\\"1&lt;2\\"><table></table>&lt;;test</body></html>",
}
`;
